Archive member included to satisfy reference by file (symbol)

C:/ST/STM32CubeIDE_1.18.1/STM32CubeIDE/plugins/com.st.stm32cube.ide.mcu.externaltools.gnu-tools-for-stm32.13.3.rel1.win32_1.0.0.202411081344/tools/bin/../lib/gcc/arm-none-eabi/13.3.1/../../../../arm-none-eabi/lib/thumb/v7e-m+fp/hard\libc_nano.a(libc_a-exit.o)
                              C:/ST/STM32CubeIDE_1.18.1/STM32CubeIDE/plugins/com.st.stm32cube.ide.mcu.externaltools.gnu-tools-for-stm32.13.3.rel1.win32_1.0.0.202411081344/tools/bin/../lib/gcc/arm-none-eabi/13.3.1/../../../../arm-none-eabi/lib/thumb/v7e-m+fp/hard/crt0.o (exit)
C:/ST/STM32CubeIDE_1.18.1/STM32CubeIDE/plugins/com.st.stm32cube.ide.mcu.externaltools.gnu-tools-for-stm32.13.3.rel1.win32_1.0.0.202411081344/tools/bin/../lib/gcc/arm-none-eabi/13.3.1/../../../../arm-none-eabi/lib/thumb/v7e-m+fp/hard\libc_nano.a(libc_a-findfp.o)
                              C:/ST/STM32CubeIDE_1.18.1/STM32CubeIDE/plugins/com.st.stm32cube.ide.mcu.externaltools.gnu-tools-for-stm32.13.3.rel1.win32_1.0.0.202411081344/tools/bin/../lib/gcc/arm-none-eabi/13.3.1/../../../../arm-none-eabi/lib/thumb/v7e-m+fp/hard\libc_nano.a(libc_a-exit.o) (__stdio_exit_handler)
C:/ST/STM32CubeIDE_1.18.1/STM32CubeIDE/plugins/com.st.stm32cube.ide.mcu.externaltools.gnu-tools-for-stm32.13.3.rel1.win32_1.0.0.202411081344/tools/bin/../lib/gcc/arm-none-eabi/13.3.1/../../../../arm-none-eabi/lib/thumb/v7e-m+fp/hard\libc_nano.a(libc_a-fwalk.o)
                              C:/ST/STM32CubeIDE_1.18.1/STM32CubeIDE/plugins/com.st.stm32cube.ide.mcu.externaltools.gnu-tools-for-stm32.13.3.rel1.win32_1.0.0.202411081344/tools/bin/../lib/gcc/arm-none-eabi/13.3.1/../../../../arm-none-eabi/lib/thumb/v7e-m+fp/hard\libc_nano.a(libc_a-findfp.o) (_fwalk_sglue)
C:/ST/STM32CubeIDE_1.18.1/STM32CubeIDE/plugins/com.st.stm32cube.ide.mcu.externaltools.gnu-tools-for-stm32.13.3.rel1.win32_1.0.0.202411081344/tools/bin/../lib/gcc/arm-none-eabi/13.3.1/../../../../arm-none-eabi/lib/thumb/v7e-m+fp/hard\libc_nano.a(libc_a-stdio.o)
                              C:/ST/STM32CubeIDE_1.18.1/STM32CubeIDE/plugins/com.st.stm32cube.ide.mcu.externaltools.gnu-tools-for-stm32.13.3.rel1.win32_1.0.0.202411081344/tools/bin/../lib/gcc/arm-none-eabi/13.3.1/../../../../arm-none-eabi/lib/thumb/v7e-m+fp/hard\libc_nano.a(libc_a-findfp.o) (__sread)
C:/ST/STM32CubeIDE_1.18.1/STM32CubeIDE/plugins/com.st.stm32cube.ide.mcu.externaltools.gnu-tools-for-stm32.13.3.rel1.win32_1.0.0.202411081344/tools/bin/../lib/gcc/arm-none-eabi/13.3.1/../../../../arm-none-eabi/lib/thumb/v7e-m+fp/hard\libc_nano.a(libc_a-memset.o)
                              C:/ST/STM32CubeIDE_1.18.1/STM32CubeIDE/plugins/com.st.stm32cube.ide.mcu.externaltools.gnu-tools-for-stm32.13.3.rel1.win32_1.0.0.202411081344/tools/bin/../lib/gcc/arm-none-eabi/13.3.1/../../../../arm-none-eabi/lib/thumb/v7e-m+fp/hard/crt0.o (memset)
C:/ST/STM32CubeIDE_1.18.1/STM32CubeIDE/plugins/com.st.stm32cube.ide.mcu.externaltools.gnu-tools-for-stm32.13.3.rel1.win32_1.0.0.202411081344/tools/bin/../lib/gcc/arm-none-eabi/13.3.1/../../../../arm-none-eabi/lib/thumb/v7e-m+fp/hard\libc_nano.a(libc_a-closer.o)
                              C:/ST/STM32CubeIDE_1.18.1/STM32CubeIDE/plugins/com.st.stm32cube.ide.mcu.externaltools.gnu-tools-for-stm32.13.3.rel1.win32_1.0.0.202411081344/tools/bin/../lib/gcc/arm-none-eabi/13.3.1/../../../../arm-none-eabi/lib/thumb/v7e-m+fp/hard\libc_nano.a(libc_a-stdio.o) (_close_r)
C:/ST/STM32CubeIDE_1.18.1/STM32CubeIDE/plugins/com.st.stm32cube.ide.mcu.externaltools.gnu-tools-for-stm32.13.3.rel1.win32_1.0.0.202411081344/tools/bin/../lib/gcc/arm-none-eabi/13.3.1/../../../../arm-none-eabi/lib/thumb/v7e-m+fp/hard\libc_nano.a(libc_a-reent.o)
                              C:/ST/STM32CubeIDE_1.18.1/STM32CubeIDE/plugins/com.st.stm32cube.ide.mcu.externaltools.gnu-tools-for-stm32.13.3.rel1.win32_1.0.0.202411081344/tools/bin/../lib/gcc/arm-none-eabi/13.3.1/../../../../arm-none-eabi/lib/thumb/v7e-m+fp/hard\libc_nano.a(libc_a-closer.o) (errno)
C:/ST/STM32CubeIDE_1.18.1/STM32CubeIDE/plugins/com.st.stm32cube.ide.mcu.externaltools.gnu-tools-for-stm32.13.3.rel1.win32_1.0.0.202411081344/tools/bin/../lib/gcc/arm-none-eabi/13.3.1/../../../../arm-none-eabi/lib/thumb/v7e-m+fp/hard\libc_nano.a(libc_a-impure.o)
                              C:/ST/STM32CubeIDE_1.18.1/STM32CubeIDE/plugins/com.st.stm32cube.ide.mcu.externaltools.gnu-tools-for-stm32.13.3.rel1.win32_1.0.0.202411081344/tools/bin/../lib/gcc/arm-none-eabi/13.3.1/../../../../arm-none-eabi/lib/thumb/v7e-m+fp/hard\libc_nano.a(libc_a-reent.o) (_impure_ptr)
C:/ST/STM32CubeIDE_1.18.1/STM32CubeIDE/plugins/com.st.stm32cube.ide.mcu.externaltools.gnu-tools-for-stm32.13.3.rel1.win32_1.0.0.202411081344/tools/bin/../lib/gcc/arm-none-eabi/13.3.1/../../../../arm-none-eabi/lib/thumb/v7e-m+fp/hard\libc_nano.a(libc_a-lseekr.o)
[...]
Memory Configuration

Name             Origin             Length             Attributes
CCMRAM           0x10000000         0x00002000         xrw
RAM              0x20000000         0x0000a000         xrw
FLASH            0x08000000         0x00040000         xr
*default*        0x00000000         0xffffffff

Linker script and memory map

LOAD C:/ST/STM32CubeIDE_1.18.1/STM32CubeIDE/plugins/com.st.stm32cube.ide.mcu.externaltools.gnu-tools-for-stm32.13.3.rel1.win32_1.0.0.202411081344/tools/bin/../lib/gcc/arm-none-eabi/13.3.1/thumb/v7e-m+fp/hard/crti.o
LOAD C:/ST/STM32CubeIDE_1.18.1/STM32CubeIDE/plugins/com.st.stm32cube.ide.mcu.externaltools.gnu-tools-for-stm32.13.3.rel1.win32_1.0.0.202411081344/tools/bin/../lib/gcc/arm-none-eabi/13.3.1/thumb/v7e-m+fp/hard/crtbegin.o
LOAD C:/ST/STM32CubeIDE_1.18.1/STM32CubeIDE/plugins/com.st.stm32cube.ide.mcu.externaltools.gnu-tools-for-stm32.13.3.rel1.win32_1.0.0.202411081344/tools/bin/../lib/gcc/arm-none-eabi/13.3.1/../../../../arm-none-eabi/lib/thumb/v7e-m+fp/hard/crt0.o
LOAD ./Core/Src/main.o
LOAD ./Core/Src/stm32f3xx_hal_msp.o
LOAD ./Core/Src/stm32f3xx_it.o
LOAD ./Core/Src/syscalls.o
LOAD ./Core/Src/sysmem.o
LOAD ./Core/Src/system_stm32f3xx.o
LOAD ./Core/Startup/startup_stm32f303vctx.o
LOAD ./Drivers/STM32F3xx_HAL_Driver/Src/stm32f3xx_hal.o
LOAD ./Drivers/STM32F3xx_HAL_Driver/Src/stm32f3xx_hal_adc.o
LOAD ./Drivers/STM32F3xx_HAL_Driver/Src/stm32f3xx_hal_adc_ex.o
LOAD ./Drivers/STM32F3xx_HAL_Driver/Src/stm32f3xx_hal_cortex.o
LOAD ./Drivers/STM32F3xx_HAL_Driver/Src/stm32f3xx_hal_dma.o
LOAD ./Drivers/STM32F3xx_HAL_Driver/Src/stm32f3xx_hal_exti.o
LOAD ./Drivers/STM32F3xx_HAL_Driver/Src/stm32f3xx_hal_flash.o
LOAD ./Drivers/STM32F3xx_HAL_Driver/Src/stm32f3xx_hal_flash_ex.o
LOAD ./Drivers/STM32F3xx_HAL_Driver/Src/stm32f3xx_hal_gpio.o
LOAD ./Drivers/STM32F3xx_HAL_Driver/Src/stm32f3xx_hal_i2c.o
LOAD ./Drivers/STM32F3xx_HAL_Driver/Src/stm32f3xx_hal_i2c_ex.o
LOAD ./Drivers/STM32F3xx_HAL_Driver/Src/stm32f3xx_hal_pcd.o
LOAD ./Drivers/STM32F3xx_HAL_Driver/Src/stm32f3xx_hal_pcd_ex.o
LOAD ./Drivers/STM32F3xx_HAL_Driver/Src/stm32f3xx_hal_pwr.o
LOAD ./Drivers/STM32F3xx_HAL_Driver/Src/stm32f3xx_hal_pwr_ex.o
LOAD ./Drivers/STM32F3xx_HAL_Driver/Src/stm32f3xx_hal_rcc.o
LOAD ./Drivers/STM32F3xx_HAL_Driver/Src/stm32f3xx_hal_rcc_ex.o
LOAD ./Drivers/STM32F3xx_HAL_Driver/Src/stm32f3xx_hal_spi.o
LOAD ./Drivers/STM32F3xx_HAL_Driver/Src/stm32f3xx_hal_spi_ex.o
LOAD ./Drivers/STM32F3xx_HAL_Driver/Src/stm32f3xx_hal_tim.o
LOAD ./Drivers/STM32F3xx_HAL_Driver/Src/stm32f3xx_hal_tim_ex.o
LOAD ./Drivers/STM32F3xx_HAL_Driver/Src/stm32f3xx_hal_uart.o
LOAD ./Drivers/STM32F3xx_HAL_Driver/Src/stm32f3xx_hal_uart_ex.o
LOAD ./Drivers/STM32F3xx_HAL_Driver/Src/stm32f3xx_ll_usb.o
START GROUP
LOAD C:/ST/STM32CubeIDE_1.18.1/STM32CubeIDE/plugins/com.st.stm32cube.ide.mcu.externaltools.gnu-tools-for-stm32.13.3.rel1.win32_1.0.0.202411081344/tools/bin/../lib/gcc/arm-none-eabi/13.3.1/../../../../arm-none-eabi/lib/thumb/v7e-m+fp/hard\libc_nano.a
LOAD C:/ST/STM32CubeIDE_1.18.1/STM32CubeIDE/plugins/com.st.stm32cube.ide.mcu.externaltools.gnu-tools-for-stm32.13.3.rel1.win32_1.0.0.202411081344/tools/bin/../lib/gcc/arm-none-eabi/13.3.1/../../../../arm-none-eabi/lib/thumb/v7e-m+fp/hard\libm.a
END GROUP
START GROUP
LOAD C:/ST/STM32CubeIDE_1.18.1/STM32CubeIDE/plugins/com.st.stm32cube.ide.mcu.externaltools.gnu-tools-for-stm32.13.3.rel1.win32_1.0.0.202411081344/tools/bin/../lib/gcc/arm-none-eabi/13.3.1/thumb/v7e-m+fp/hard\libgcc.a
LOAD C:/ST/STM32CubeIDE_1.18.1/STM32CubeIDE/plugins/com.st.stm32cube.ide.mcu.externaltools.gnu-tools-for-stm32.13.3.rel1.win32_1.0.0.202411081344/tools/bin/../lib/gcc/arm-none-eabi/13.3.1/../../../../arm-none-eabi/lib/thumb/v7e-m+fp/hard\libc_nano.a
END GROUP
START GROUP
LOAD C:/ST/STM32CubeIDE_1.18.1/STM32CubeIDE/plugins/com.st.stm32cube.ide.mcu.externaltools.gnu-tools-for-stm32.13.3.rel1.win32_1.0.0.202411081344/tools/bin/../lib/gcc/arm-none-eabi/13.3.1/thumb/v7e-m+fp/hard\libgcc.a
LOAD C:/ST/STM32CubeIDE_1.18.1/STM32CubeIDE/plugins/com.st.stm32cube.ide.mcu.externaltools.gnu-tools-for-stm32.13.3.rel1.win32_1.0.0.202411081344/tools/bin/../lib/gcc/arm-none-eabi/13.3.1/../../../../arm-none-eabi/lib/thumb/v7e-m+fp/hard\libc_nano.a
LOAD C:/ST/STM32CubeIDE_1.18.1/STM32CubeIDE/plugins/com.st.stm32cube.ide.mcu.externaltools.gnu-tools-for-stm32.13.3.rel1.win32_1.0.0.202411081344/tools/bin/../lib/gcc/arm-none-eabi/13.3.1/../../../../arm-none-eabi/lib/thumb/v7e-m+fp/hard\libnosys.a
END GROUP
START GROUP
LOAD C:/ST/STM32CubeIDE_1.18.1/STM32CubeIDE/plugins/com.st.stm32cube.ide.mcu.externaltools.gnu-tools-for-stm32.13.3.rel1.win32_1.0.0.202411081344/tools/bin/../lib/gcc/arm-none-eabi/13.3.1/thumb/v7e-m+fp/hard\libgcc.a
LOAD C:/ST/STM32CubeIDE_1.18.1/STM32CubeIDE/plugins/com.st.stm32cube.ide.mcu.externaltools.gnu-tools-for-stm32.13.3.rel1.win32_1.0.0.202411081344/tools/bin/../lib/gcc/arm-none-eabi/13.3.1/../../../../arm-none-eabi/lib/thumb/v7e-m+fp/hard\libc_nano.a
LOAD C:/ST/STM32CubeIDE_1.18.1/STM32CubeIDE/plugins/com.st.stm32cube.ide.mcu.externaltools.gnu-tools-for-stm32.13.3.rel1.win32_1.0.0.202411081344/tools/bin/../lib/gcc/arm-none-eabi/13.3.1/../../../../arm-none-eabi/lib/thumb/v7e-m+fp/hard\libnosys.a
END GROUP
LOAD C:/ST/STM32CubeIDE_1.18.1/STM32CubeIDE/plugins/com.st.stm32cube.ide.mcu.externaltools.gnu-tools-for-stm32.13.3.rel1.win32_1.0.0.202411081344/tools/bin/../lib/gcc/arm-none-eabi/13.3.1/thumb/v7e-m+fp/hard/crtend.o
LOAD C:/ST/STM32CubeIDE_1.18.1/STM32CubeIDE/plugins/com.st.stm32cube.ide.mcu.externaltools.gnu-tools-for-stm32.13.3.rel1.win32_1.0.0.202411081344/tools/bin/../lib/gcc/arm-none-eabi/13.3.1/thumb/v7e-m+fp/hard/crtn.o
                0x2000a000                        _estack = (ORIGIN (RAM) + LENGTH (RAM))
                0x00000200                        _Min_Heap_Size = 0x200
                0x00000400                        _Min_Stack_Size = 0x400

.isr_vector     0x08000000      0x188
                0x08000000                        . = ALIGN (0x4)
 *(.isr_vector)
 .isr_vector    0x08000000      0x188 ./Core/Startup/startup_stm32f303vctx.o
                0x08000000                g_pfnVectors
                0x08000188                        . = ALIGN (0x4)

.text           0x08000188     0x7508
                0x08000188                        . = ALIGN (0x4)
 *(.text)
 .text          0x08000188       0x40 C:/ST/STM32CubeIDE_1.18.1/STM32CubeIDE/plugins/com.st.stm32cube.ide.mcu.externaltools.gnu-tools-for-stm32.13.3.rel1.win32_1.0.0.202411081344/tools/bin/../lib/gcc/arm-none-eabi/13.3.1/thumb/v7e-m+fp/hard/crtbegin.o
 *(.text*)
 .text.servo_set_angle
                0x080001c8       0x48 ./Core/Src/main.o
                0x080001c8                servo_set_angle
 .text.HAL_GPIO_EXTI_Callback
                0x08000210       0x30 ./Core/Src/main.o
                0x08000210                HAL_GPIO_EXTI_Callback
 .text.HAL_UART_RxCpltCallback
                0x08000240       0x78 ./Core/Src/main.o
                0x08000240                HAL_UART_RxCpltCallback
 .text.HAL_TIM_PeriodElapsedCallback
                0x080002b8       0x28 ./Core/Src/main.o
                0x080002b8                HAL_TIM_PeriodElapsedCallback
 .text.HAL_ADC_ConvCpltCallback
                0x080002e0      0x138 ./Core/Src/main.o
                0x080002e0                HAL_ADC_ConvCpltCallback
 .text.main     0x08000418       0xe4 ./Core/Src/main.o
                0x08000418                main
 .text.SystemClock_Config
                0x080004fc       0xd4 ./Core/Src/main.o
                0x080004fc                SystemClock_Config
 .text.MX_ADC1_Init
                0x080005d0       0xe0 ./Core/Src/main.o
 .text.MX_I2C1_Init
                0x080006b0       0x80 ./Core/Src/main.o
 .text.MX_SPI1_Init
                0x08000730       0x7c ./Core/Src/main.o
 .text.MX_TIM1_Init
                0x080007ac      0x120 ./Core/Src/main.o
 .text.MX_TIM4_Init
                0x080008cc       0xa0 ./Core/Src/main.o
 .text.MX_UART4_Init
                0x0800096c       0x60 ./Core/Src/main.o
 .text.MX_USART2_UART_Init
                0x080009cc       0x60 ./Core/Src/main.o
 .text.MX_USB_PCD_Init
                0x08000a2c       0x44 ./Core/Src/main.o
 .text.MX_GPIO_Init
                0x08000a70      0x110 ./Core/Src/main.o
 .text.Error_Handler
                0x08000b80        0xc ./Core/Src/main.o
                0x08000b80                Error_Handler
 .text.HAL_MspInit
                0x08000b8c       0x48 ./Core/Src/stm32f3xx_hal_msp.o
                0x08000b8c                HAL_MspInit
 .text.HAL_ADC_MspInit
                0x08000bd4       0x88 ./Core/Src/stm32f3xx_hal_msp.o
                0x08000bd4                HAL_ADC_MspInit
 .text.HAL_I2C_MspInit
                0x08000c5c       0x88 ./Core/Src/stm32f3xx_hal_msp.o
                0x08000c5c                HAL_I2C_MspInit
 .text.HAL_SPI_MspInit
                0x08000ce4       0x84 ./Core/Src/stm32f3xx_hal_msp.o
                0x08000ce4                HAL_SPI_MspInit
 .text.HAL_TIM_PWM_MspInit
                0x08000d68       0x40 ./Core/Src/stm32f3xx_hal_msp.o
                0x08000d68                HAL_TIM_PWM_MspInit
 .text.HAL_TIM_Base_MspInit
                0x08000da8       0x4c ./Core/Src/stm32f3xx_hal_msp.o
                0x08000da8                HAL_TIM_Base_MspInit
 .text.HAL_TIM_MspPostInit
                0x08000df4       0x70 ./Core/Src/stm32f3xx_hal_msp.o
                0x08000df4                HAL_TIM_MspPostInit
 .text.HAL_UART_MspInit
                0x08000e64       0xfc ./Core/Src/stm32f3xx_hal_msp.o
                0x08000e64                HAL_UART_MspInit
 .text.HAL_PCD_MspInit
                0x08000f60       0x88 ./Core/Src/stm32f3xx_hal_msp.o
                0x08000f60                HAL_PCD_MspInit
 .text.NMI_Handler
                0x08000fe8        0x8 ./Core/Src/stm32f3xx_it.o
                0x08000fe8                NMI_Handler
 .text.HardFault_Handler
                0x08000ff0        0x8 ./Core/Src/stm32f3xx_it.o
                0x08000ff0                HardFault_Handler
 .text.MemManage_Handler
                0x08000ff8        0x8 ./Core/Src/stm32f3xx_it.o
                0x08000ff8                MemManage_Handler
 .text.BusFault_Handler
                0x08001000        0x8 ./Core/Src/stm32f3xx_it.o
                0x08001000                BusFault_Handler
 .text.UsageFault_Handler
                0x08001008        0x8 ./Core/Src/stm32f3xx_it.o
                0x08001008                UsageFault_Handler
 .text.SVC_Handler
                0x08001010        0xe ./Core/Src/stm32f3xx_it.o
                0x08001010                SVC_Handler
 .text.DebugMon_Handler
                0x0800101e        0xe ./Core/Src/stm32f3xx_it.o
                0x0800101e                DebugMon_Handler
 .text.PendSV_Handler
                0x0800102c        0xe ./Core/Src/stm32f3xx_it.o
                0x0800102c                PendSV_Handler
 .text.SysTick_Handler
                0x0800103a        0xc ./Core/Src/stm32f3xx_it.o
                0x0800103a                SysTick_Handler
 .text.EXTI0_IRQHandler
                0x08001046        0xe ./Core/Src/stm32f3xx_it.o
                0x08001046                EXTI0_IRQHandler
 .text.ADC1_2_IRQHandler
                0x08001054       0x14 ./Core/Src/stm32f3xx_it.o
                0x08001054                ADC1_2_IRQHandler
 .text.TIM4_IRQHandler
                0x08001068       0x14 ./Core/Src/stm32f3xx_it.o
                0x08001068                TIM4_IRQHandler
 .text.UART4_IRQHandler
                0x0800107c       0x14 ./Core/Src/stm32f3xx_it.o
                0x0800107c                UART4_IRQHandler
 .text.SystemInit
                0x08001090       0x24 ./Core/Src/system_stm32f3xx.o
                0x08001090                SystemInit
 .text.Reset_Handler
                0x080010b4       0x50 ./Core/Startup/startup_stm32f303vctx.o
                0x080010b4                Reset_Handler
 .text.Default_Handler
                0x08001104        0x2 ./Core/Startup/startup_stm32f303vctx.o
                0x08001104                RTC_Alarm_IRQHandler
                0x08001104                TIM8_TRG_COM_IRQHandler
                0x08001104                TIM8_CC_IRQHandler
                0x08001104                TIM1_CC_IRQHandler
                0x08001104                USB_HP_IRQHandler
                0x08001104                PVD_IRQHandler
                0x08001104                TAMP_STAMP_IRQHandler
                0x08001104                EXTI3_IRQHandler
                0x08001104                USB_HP_CAN_TX_IRQHandler
                0x08001104                I2C2_EV_IRQHandler
                0x08001104                FPU_IRQHandler
                0x08001104                TIM1_UP_TIM16_IRQHandler
                0x08001104                SPI1_IRQHandler
                0x08001104                CAN_SCE_IRQHandler
                0x08001104                TIM6_DAC_IRQHandler
                0x08001104                TIM8_UP_IRQHandler
                0x08001104                DMA2_Channel2_IRQHandler
                0x08001104                DMA1_Channel4_IRQHandler
                0x08001104                USART3_IRQHandler
                0x08001104                DMA1_Channel7_IRQHandler
                0x08001104                UART5_IRQHandler
                0x08001104                ADC3_IRQHandler
                0x08001104                CAN_RX1_IRQHandler
                0x08001104                DMA2_Channel1_IRQHandler
                0x08001104                I2C1_EV_IRQHandler
                0x08001104                DMA1_Channel6_IRQHandler
                0x08001104                DMA2_Channel4_IRQHandler
                0x08001104                TIM3_IRQHandler
                0x08001104                RCC_IRQHandler
                0x08001104                DMA1_Channel1_IRQHandler
                0x08001104                Default_Handler
                0x08001104                USBWakeUp_RMP_IRQHandler
                0x08001104                EXTI15_10_IRQHandler
                0x08001104                TIM7_IRQHandler
                0x08001104                EXTI9_5_IRQHandler
                0x08001104                RTC_WKUP_IRQHandler
                0x08001104                SPI2_IRQHandler
                0x08001104                USB_LP_CAN_RX0_IRQHandler
                0x08001104                DMA2_Channel5_IRQHandler
                0x08001104                DMA1_Channel5_IRQHandler
                0x08001104                USB_LP_IRQHandler
                0x08001104                EXTI4_IRQHandler
                0x08001104                TIM1_TRG_COM_TIM17_IRQHandler
                0x08001104                DMA1_Channel3_IRQHandler
                0x08001104                ADC4_IRQHandler
                0x08001104                WWDG_IRQHandler
                0x08001104                TIM2_IRQHandler
                0x08001104                COMP7_IRQHandler
                0x08001104                COMP1_2_3_IRQHandler
                0x08001104                EXTI1_IRQHandler
                0x08001104                USART2_IRQHandler
                0x08001104                COMP4_5_6_IRQHandler
                0x08001104                I2C2_ER_IRQHandler
                0x08001104                DMA1_Channel2_IRQHandler
                0x08001104                TIM8_BRK_IRQHandler
                0x08001104                FLASH_IRQHandler
                0x08001104                USART1_IRQHandler
                0x08001104                SPI3_IRQHandler
                0x08001104                I2C1_ER_IRQHandler
                0x08001104                USBWakeUp_IRQHandler
                0x08001104                DMA2_Channel3_IRQHandler
                0x08001104                EXTI2_TSC_IRQHandler
                0x08001104                TIM1_BRK_TIM15_IRQHandler
 *fill*         0x08001106        0x2 
 .text.HAL_Init
                0x08001108       0x2c ./Drivers/STM32F3xx_HAL_Driver/Src/stm32f3xx_hal.o
                0x08001108                HAL_Init
 .text.HAL_InitTick
                0x08001134       0x60 ./Drivers/STM32F3xx_HAL_Driver/Src/stm32f3xx_hal.o
                0x08001134                HAL_InitTick
 .text.HAL_IncTick
                0x08001194       0x28 ./Drivers/STM32F3xx_HAL_Driver/Src/stm32f3xx_hal.o
                0x08001194                HAL_IncTick
 .text.HAL_GetTick
                0x080011bc       0x18 ./Drivers/STM32F3xx_HAL_Driver/Src/stm32f3xx_hal.o
                0x080011bc                HAL_GetTick
 .text.HAL_Delay
                0x080011d4       0x48 ./Drivers/STM32F3xx_HAL_Driver/Src/stm32f3xx_hal.o
                0x080011d4                HAL_Delay
 .text.HAL_ADC_LevelOutOfWindowCallback
                0x0800121c       0x14 ./Drivers/STM32F3xx_HAL_Driver/Src/stm32f3xx_hal_adc.o
                0x0800121c                HAL_ADC_LevelOutOfWindowCallback
 .text.HAL_ADC_ErrorCallback
                0x08001230       0x14 ./Drivers/STM32F3xx_HAL_Driver/Src/stm32f3xx_hal_adc.o
                0x08001230                HAL_ADC_ErrorCallback
 .text.HAL_ADC_Init
                0x08001244      0x3c0 ./Drivers/STM32F3xx_HAL_Driver/Src/stm32f3xx_hal_adc_ex.o
                0x08001244                HAL_ADC_Init
 .text.HAL_ADC_Start_IT
                0x08001604      0x280 ./Drivers/STM32F3xx_HAL_Driver/Src/stm32f3xx_hal_adc_ex.o
                0x08001604                HAL_ADC_Start_IT
 .text.HAL_ADC_GetValue
                0x08001884       0x1a ./Drivers/STM32F3xx_HAL_Driver/Src/stm32f3xx_hal_adc_ex.o
                0x08001884                HAL_ADC_GetValue
 *fill*         0x0800189e        0x2 
 .text.HAL_ADC_IRQHandler
                0x080018a0      0x5cc ./Drivers/STM32F3xx_HAL_Driver/Src/stm32f3xx_hal_adc_ex.o
                0x080018a0                HAL_ADC_IRQHandler
 .text.HAL_ADCEx_InjectedConvCpltCallback
                0x08001e6c       0x14 ./Drivers/STM32F3xx_HAL_Driver/Src/stm32f3xx_hal_adc_ex.o
                0x08001e6c                HAL_ADCEx_InjectedConvCpltCallback
 .text.HAL_ADCEx_InjectedQueueOverflowCallback
                0x08001e80       0x14 ./Drivers/STM32F3xx_HAL_Driver/Src/stm32f3xx_hal_adc_ex.o
                0x08001e80                HAL_ADCEx_InjectedQueueOverflowCallback
 .text.HAL_ADCEx_LevelOutOfWindow2Callback
                0x08001e94       0x14 ./Drivers/STM32F3xx_HAL_Driver/Src/stm32f3xx_hal_adc_ex.o
                0x08001e94                HAL_ADCEx_LevelOutOfWindow2Callback
 .text.HAL_ADCEx_LevelOutOfWindow3Callback
                0x08001ea8       0x14 ./Drivers/STM32F3xx_HAL_Driver/Src/stm32f3xx_hal_adc_ex.o
                0x08001ea8                HAL_ADCEx_LevelOutOfWindow3Callback
 .text.HAL_ADC_ConfigChannel
                0x08001ebc      0x5d4 ./Drivers/STM32F3xx_HAL_Driver/Src/stm32f3xx_hal_adc_ex.o
                0x08001ebc                HAL_ADC_ConfigChannel
 .text.HAL_ADCEx_MultiModeConfigChannel
                0x08002490      0x1e4 ./Drivers/STM32F3xx_HAL_Driver/Src/stm32f3xx_hal_adc_ex.o
                0x08002490                HAL_ADCEx_MultiModeConfigChannel
 .text.ADC_Enable
                0x08002674       0xc8 ./Drivers/STM32F3xx_HAL_Driver/Src/stm32f3xx_hal_adc_ex.o
 .text.ADC_Disable
                0x0800273c       0xcc ./Drivers/STM32F3xx_HAL_Driver/Src/stm32f3xx_hal_adc_ex.o
 .text.__NVIC_SetPriorityGrouping
                0x08002808       0x48 ./Drivers/STM32F3xx_HAL_Driver/Src/stm32f3xx_hal_cortex.o
 .text.__NVIC_GetPriorityGrouping
                0x08002850       0x1c ./Drivers/STM32F3xx_HAL_Driver/Src/stm32f3xx_hal_cortex.o
 .text.__NVIC_EnableIRQ
                0x0800286c       0x3c ./Drivers/STM32F3xx_HAL_Driver/Src/stm32f3xx_hal_cortex.o
 .text.__NVIC_SetPriority
                0x080028a8       0x54 ./Drivers/STM32F3xx_HAL_Driver/Src/stm32f3xx_hal_cortex.o
 .text.NVIC_EncodePriority
                0x080028fc       0x66 ./Drivers/STM32F3xx_HAL_Driver/Src/stm32f3xx_hal_cortex.o
 *fill*         0x08002962        0x2 
 .text.SysTick_Config
                0x08002964       0x44 ./Drivers/STM32F3xx_HAL_Driver/Src/stm32f3xx_hal_cortex.o
 .text.HAL_NVIC_SetPriorityGrouping
                0x080029a8       0x16 ./Drivers/STM32F3xx_HAL_Driver/Src/stm32f3xx_hal_cortex.o
                0x080029a8                HAL_NVIC_SetPriorityGrouping
 .text.HAL_NVIC_SetPriority
                0x080029be       0x38 ./Drivers/STM32F3xx_HAL_Driver/Src/stm32f3xx_hal_cortex.o
                0x080029be                HAL_NVIC_SetPriority
 .text.HAL_NVIC_EnableIRQ
                0x080029f6       0x1c ./Drivers/STM32F3xx_HAL_Driver/Src/stm32f3xx_hal_cortex.o
                0x080029f6                HAL_NVIC_EnableIRQ
 .text.HAL_SYSTICK_Config
                0x08002a12       0x18 ./Drivers/STM32F3xx_HAL_Driver/Src/stm32f3xx_hal_cortex.o
                0x08002a12                HAL_SYSTICK_Config
 .text.HAL_DMA_Abort
                0x08002a2a       0x7c ./Drivers/STM32F3xx_HAL_Driver/Src/stm32f3xx_hal_dma.o
                0x08002a2a                HAL_DMA_Abort
 .text.HAL_DMA_Abort_IT
                0x08002aa6       0x7c ./Drivers/STM32F3xx_HAL_Driver/Src/stm32f3xx_hal_dma.o
                0x08002aa6                HAL_DMA_Abort_IT
 *fill*         0x08002b22        0x2 
 .text.HAL_GPIO_Init
                0x08002b24      0x2f4 ./Drivers/STM32F3xx_HAL_Driver/Src/stm32f3xx_hal_gpio.o
                0x08002b24                HAL_GPIO_Init
 .text.HAL_GPIO_WritePin
                0x08002e18       0x30 ./Drivers/STM32F3xx_HAL_Driver/Src/stm32f3xx_hal_gpio.o
                0x08002e18                HAL_GPIO_WritePin
 .text.HAL_GPIO_EXTI_IRQHandler
                0x08002e48       0x30 ./Drivers/STM32F3xx_HAL_Driver/Src/stm32f3xx_hal_gpio.o
                0x08002e48                HAL_GPIO_EXTI_IRQHandler
 .text.HAL_I2C_Init
                0x08002e78      0x136 ./Drivers/STM32F3xx_HAL_Driver/Src/stm32f3xx_hal_i2c.o
                0x08002e78                HAL_I2C_Init
 .text.HAL_I2CEx_ConfigAnalogFilter
                0x08002fae       0x96 ./Drivers/STM32F3xx_HAL_Driver/Src/stm32f3xx_hal_i2c_ex.o
                0x08002fae                HAL_I2CEx_ConfigAnalogFilter
 .text.HAL_I2CEx_ConfigDigitalFilter
                0x08003044       0x98 ./Drivers/STM32F3xx_HAL_Driver/Src/stm32f3xx_hal_i2c_ex.o
                0x08003044                HAL_I2CEx_ConfigDigitalFilter
 .text.HAL_PCD_Init
                0x080030dc      0x18e ./Drivers/STM32F3xx_HAL_Driver/Src/stm32f3xx_hal_pcd.o
                0x080030dc                HAL_PCD_Init
 *fill*         0x0800326a        0x2 
 .text.HAL_RCC_OscConfig
                0x0800326c     0x101c ./Drivers/STM32F3xx_HAL_Driver/Src/stm32f3xx_hal_rcc.o
                0x0800326c                HAL_RCC_OscConfig
 .text.HAL_RCC_ClockConfig
                0x08004288      0x2dc ./Drivers/STM32F3xx_HAL_Driver/Src/stm32f3xx_hal_rcc.o
                0x08004288                HAL_RCC_ClockConfig
 .text.HAL_RCC_GetSysClockFreq
                0x08004564       0xa8 ./Drivers/STM32F3xx_HAL_Driver/Src/stm32f3xx_hal_rcc.o
                0x08004564                HAL_RCC_GetSysClockFreq
 .text.HAL_RCC_GetHCLKFreq
                0x0800460c       0x18 ./Drivers/STM32F3xx_HAL_Driver/Src/stm32f3xx_hal_rcc.o
                0x0800460c                HAL_RCC_GetHCLKFreq
 .text.HAL_RCC_GetPCLK1Freq
                0x08004624       0x44 ./Drivers/STM32F3xx_HAL_Driver/Src/stm32f3xx_hal_rcc.o
                0x08004624                HAL_RCC_GetPCLK1Freq
 .text.HAL_RCC_GetPCLK2Freq
                0x08004668       0x44 ./Drivers/STM32F3xx_HAL_Driver/Src/stm32f3xx_hal_rcc.o
                0x08004668                HAL_RCC_GetPCLK2Freq
 .text.HAL_RCCEx_PeriphCLKConfig
                0x080046ac      0x35c ./Drivers/STM32F3xx_HAL_Driver/Src/stm32f3xx_hal_rcc_ex.o
                0x080046ac                HAL_RCCEx_PeriphCLKConfig
 .text.HAL_SPI_Init
                0x08004a08      0x156 ./Drivers/STM32F3xx_HAL_Driver/Src/stm32f3xx_hal_spi.o
                0x08004a08                HAL_SPI_Init
 .text.HAL_TIM_Base_Init
                0x08004b5e       0xae ./Drivers/STM32F3xx_HAL_Driver/Src/stm32f3xx_hal_tim.o
                0x08004b5e                HAL_TIM_Base_Init
 .text.HAL_TIM_Base_Start_IT
                0x08004c0c       0xd4 ./Drivers/STM32F3xx_HAL_Driver/Src/stm32f3xx_hal_tim.o
                0x08004c0c                HAL_TIM_Base_Start_IT
 .text.HAL_TIM_PWM_Init
                0x08004ce0       0xae ./Drivers/STM32F3xx_HAL_Driver/Src/stm32f3xx_hal_tim.o
                0x08004ce0                HAL_TIM_PWM_Init
 *fill*         0x08004d8e        0x2 
 .text.HAL_TIM_PWM_Start
                0x08004d90      0x200 ./Drivers/STM32F3xx_HAL_Driver/Src/stm32f3xx_hal_tim.o
                0x08004d90                HAL_TIM_PWM_Start
 .text.HAL_TIM_IRQHandler
                0x08004f90      0x204 ./Drivers/STM32F3xx_HAL_Driver/Src/stm32f3xx_hal_tim.o
                0x08004f90                HAL_TIM_IRQHandler
 .text.HAL_TIM_PWM_ConfigChannel
                0x08005194      0x228 ./Drivers/STM32F3xx_HAL_Driver/Src/stm32f3xx_hal_tim.o
                0x08005194                HAL_TIM_PWM_ConfigChannel
 .text.HAL_TIM_ConfigClockSource
                0x080053bc      0x192 ./Drivers/STM32F3xx_HAL_Driver/Src/stm32f3xx_hal_tim.o
                0x080053bc                HAL_TIM_ConfigClockSource
 .text.HAL_TIM_OC_DelayElapsedCallback
                0x0800554e       0x14 ./Drivers/STM32F3xx_HAL_Driver/Src/stm32f3xx_hal_tim.o
                0x0800554e                HAL_TIM_OC_DelayElapsedCallback
 .text.HAL_TIM_IC_CaptureCallback
                0x08005562       0x14 ./Drivers/STM32F3xx_HAL_Driver/Src/stm32f3xx_hal_tim.o
                0x08005562                HAL_TIM_IC_CaptureCallback
 .text.HAL_TIM_PWM_PulseFinishedCallback
                0x08005576       0x14 ./Drivers/STM32F3xx_HAL_Driver/Src/stm32f3xx_hal_tim.o
                0x08005576                HAL_TIM_PWM_PulseFinishedCallback
 .text.HAL_TIM_TriggerCallback
                0x0800558a       0x14 ./Drivers/STM32F3xx_HAL_Driver/Src/stm32f3xx_hal_tim.o
                0x0800558a                HAL_TIM_TriggerCallback
 *fill*         0x0800559e        0x2 
 .text.TIM_Base_SetConfig
                0x080055a0      0x138 ./Drivers/STM32F3xx_HAL_Driver/Src/stm32f3xx_hal_tim.o
                0x080055a0                TIM_Base_SetConfig
 .text.TIM_OC1_SetConfig
                0x080056d8      0x120 ./Drivers/STM32F3xx_HAL_Driver/Src/stm32f3xx_hal_tim.o
 .text.TIM_OC2_SetConfig
                0x080057f8      0x114 ./Drivers/STM32F3xx_HAL_Driver/Src/stm32f3xx_hal_tim.o
                0x080057f8                TIM_OC2_SetConfig
 .text.TIM_OC3_SetConfig
                0x0800590c      0x110 ./Drivers/STM32F3xx_HAL_Driver/Src/stm32f3xx_hal_tim.o
 .text.TIM_OC4_SetConfig
                0x08005a1c       0xd4 ./Drivers/STM32F3xx_HAL_Driver/Src/stm32f3xx_hal_tim.o
 .text.TIM_OC5_SetConfig
                0x08005af0       0xc8 ./Drivers/STM32F3xx_HAL_Driver/Src/stm32f3xx_hal_tim.o
 .text.TIM_OC6_SetConfig
                0x08005bb8       0xcc ./Drivers/STM32F3xx_HAL_Driver/Src/stm32f3xx_hal_tim.o
 .text.TIM_TI1_ConfigInputStage
                0x08005c84       0x5e ./Drivers/STM32F3xx_HAL_Driver/Src/stm32f3xx_hal_tim.o
 .text.TIM_TI2_ConfigInputStage
                0x08005ce2       0x60 ./Drivers/STM32F3xx_HAL_Driver/Src/stm32f3xx_hal_tim.o
 .text.TIM_ITRx_SetConfig
                0x08005d42       0x36 ./Drivers/STM32F3xx_HAL_Driver/Src/stm32f3xx_hal_tim.o
 .text.TIM_ETR_SetConfig
                0x08005d78       0x40 ./Drivers/STM32F3xx_HAL_Driver/Src/stm32f3xx_hal_tim.o
                0x08005d78                TIM_ETR_SetConfig
 .text.TIM_CCxChannelCmd
                0x08005db8       0x4a ./Drivers/STM32F3xx_HAL_Driver/Src/stm32f3xx_hal_tim.o
                0x08005db8                TIM_CCxChannelCmd
 *fill*         0x08005e02        0x2 
 .text.HAL_TIMEx_MasterConfigSynchronization
                0x08005e04      0x100 ./Drivers/STM32F3xx_HAL_Driver/Src/stm32f3xx_hal_tim_ex.o
                0x08005e04                HAL_TIMEx_MasterConfigSynchronization
 .text.HAL_TIMEx_ConfigBreakDeadTime
                0x08005f04       0xfc ./Drivers/STM32F3xx_HAL_Driver/Src/stm32f3xx_hal_tim_ex.o
                0x08005f04                HAL_TIMEx_ConfigBreakDeadTime
 .text.HAL_TIMEx_CommutCallback
                0x08006000       0x14 ./Drivers/STM32F3xx_HAL_Driver/Src/stm32f3xx_hal_tim_ex.o
                0x08006000                HAL_TIMEx_CommutCallback
 .text.HAL_TIMEx_BreakCallback
                0x08006014       0x14 ./Drivers/STM32F3xx_HAL_Driver/Src/stm32f3xx_hal_tim_ex.o
                0x08006014                HAL_TIMEx_BreakCallback
 .text.HAL_TIMEx_Break2Callback
                0x08006028       0x14 ./Drivers/STM32F3xx_HAL_Driver/Src/stm32f3xx_hal_tim_ex.o
                0x08006028                HAL_TIMEx_Break2Callback
 .text.HAL_UART_Init
                0x0800603c       0x9c ./Drivers/STM32F3xx_HAL_Driver/Src/stm32f3xx_hal_uart.o
                0x0800603c                HAL_UART_Init
 .text.HAL_UART_Transmit
                0x080060d8      0x112 ./Drivers/STM32F3xx_HAL_Driver/Src/stm32f3xx_hal_uart.o
                0x080060d8                HAL_UART_Transmit
 .text.HAL_UART_Receive_IT
                0x080061ea       0x88 ./Drivers/STM32F3xx_HAL_Driver/Src/stm32f3xx_hal_uart.o
                0x080061ea                HAL_UART_Receive_IT
 *fill*         0x08006272        0x2 
 .text.HAL_UART_IRQHandler
                0x08006274      0x5cc ./Drivers/STM32F3xx_HAL_Driver/Src/stm32f3xx_hal_uart.o
                0x08006274                HAL_UART_IRQHandler
 .text.HAL_UART_TxCpltCallback
                0x08006840       0x14 ./Drivers/STM32F3xx_HAL_Driver/Src/stm32f3xx_hal_uart.o
                0x08006840                HAL_UART_TxCpltCallback
 .text.HAL_UART_ErrorCallback
                0x08006854       0x14 ./Drivers/STM32F3xx_HAL_Driver/Src/stm32f3xx_hal_uart.o
                0x08006854                HAL_UART_ErrorCallback
 .text.HAL_UARTEx_RxEventCallback
                0x08006868       0x18 ./Drivers/STM32F3xx_HAL_Driver/Src/stm32f3xx_hal_uart.o
                0x08006868                HAL_UARTEx_RxEventCallback
 .text.UART_SetConfig
                0x08006880      0x3a8 ./Drivers/STM32F3xx_HAL_Driver/Src/stm32f3xx_hal_uart.o
                0x08006880                UART_SetConfig
 .text.UART_AdvFeatureConfig
                0x08006c28      0x144 ./Drivers/STM32F3xx_HAL_Driver/Src/stm32f3xx_hal_uart.o
                0x08006c28                UART_AdvFeatureConfig
 .text.UART_CheckIdleState
                0x08006d6c      0x150 ./Drivers/STM32F3xx_HAL_Driver/Src/stm32f3xx_hal_uart.o
                0x08006d6c                UART_CheckIdleState
 .text.UART_WaitOnFlagUntilTimeout
                0x08006ebc       0xda ./Drivers/STM32F3xx_HAL_Driver/Src/stm32f3xx_hal_uart.o
                0x08006ebc                UART_WaitOnFlagUntilTimeout
 *fill*         0x08006f96        0x2 
 .text.UART_Start_Receive_IT
                0x08006f98      0x168 ./Drivers/STM32F3xx_HAL_Driver/Src/stm32f3xx_hal_uart.o
                0x08006f98                UART_Start_Receive_IT
 .text.UART_EndRxTransfer
                0x08007100       0xc8 ./Drivers/STM32F3xx_HAL_Driver/Src/stm32f3xx_hal_uart.o
 .text.UART_DMAAbortOnError
                0x080071c8       0x2c ./Drivers/STM32F3xx_HAL_Driver/Src/stm32f3xx_hal_uart.o
 .text.UART_EndTransmit_IT
                0x080071f4       0x54 ./Drivers/STM32F3xx_HAL_Driver/Src/stm32f3xx_hal_uart.o
 .text.UART_RxISR_8BIT
                0x08007248      0x1a8 ./Drivers/STM32F3xx_HAL_Driver/Src/stm32f3xx_hal_uart.o
 .text.UART_RxISR_16BIT
                0x080073f0      0x1a8 ./Drivers/STM32F3xx_HAL_Driver/Src/stm32f3xx_hal_uart.o
 .text.HAL_UARTEx_WakeupCallback
                0x08007598       0x14 ./Drivers/STM32F3xx_HAL_Driver/Src/stm32f3xx_hal_uart_ex.o
                0x08007598                HAL_UARTEx_WakeupCallback
 .text.USB_DisableGlobalInt
                0x080075ac       0x36 ./Drivers/STM32F3xx_HAL_Driver/Src/stm32f3xx_ll_usb.o
                0x080075ac                USB_DisableGlobalInt
 .text.USB_DevInit
                0x080075e2       0x3c ./Drivers/STM32F3xx_HAL_Driver/Src/stm32f3xx_ll_usb.o
                0x080075e2                USB_DevInit
 .text.memset   0x0800761e       0x10 C:/ST/STM32CubeIDE_1.18.1/STM32CubeIDE/plugins/com.st.stm32cube.ide.mcu.externaltools.gnu-tools-for-stm32.13.3.rel1.win32_1.0.0.202411081344/tools/bin/../lib/gcc/arm-none-eabi/13.3.1/../../../../arm-none-eabi/lib/thumb/v7e-m+fp/hard\libc_nano.a(libc_a-memset.o)
                0x0800761e                memset
 *fill*         0x0800762e        0x2 
 .text.__libc_init_array
                0x08007630       0x48 C:/ST/STM32CubeIDE_1.18.1/STM32CubeIDE/plugins/com.st.stm32cube.ide.mcu.externaltools.gnu-tools-for-stm32.13.3.rel1.win32_1.0.0.202411081344/tools/bin/../lib/gcc/arm-none-eabi/13.3.1/../../../../arm-none-eabi/lib/thumb/v7e-m+fp/hard\libc_nano.a(libc_a-init.o)
                0x08007630                __libc_init_array
 *(.glue_7)
 .glue_7        0x08007678        0x0 linker stubs
 *(.glue_7t)
 .glue_7t       0x08007678        0x0 linker stubs
 *(.eh_frame)
 .eh_frame      0x08007678        0x0 C:/ST/STM32CubeIDE_1.18.1/STM32CubeIDE/plugins/com.st.stm32cube.ide.mcu.externaltools.gnu-tools-for-stm32.13.3.rel1.win32_1.0.0.202411081344/tools/bin/../lib/gcc/arm-none-eabi/13.3.1/thumb/v7e-m+fp/hard/crtbegin.o
 *(.init)
 .init          0x08007678        0x4 C:/ST/STM32CubeIDE_1.18.1/STM32CubeIDE/plugins/com.st.stm32cube.ide.mcu.externaltools.gnu-tools-for-stm32.13.3.rel1.win32_1.0.0.202411081344/tools/bin/../lib/gcc/arm-none-eabi/13.3.1/thumb/v7e-m+fp/hard/crti.o
                0x08007678                _init
 .init          0x0800767c        0x8 C:/ST/STM32CubeIDE_1.18.1/STM32CubeIDE/plugins/com.st.stm32cube.ide.mcu.externaltools.gnu-tools-for-stm32.13.3.rel1.win32_1.0.0.202411081344/tools/bin/../lib/gcc/arm-none-eabi/13.3.1/thumb/v7e-m+fp/hard/crtn.o
 *(.fini)
 .fini          0x08007684        0x4 C:/ST/STM32CubeIDE_1.18.1/STM32CubeIDE/plugins/com.st.stm32cube.ide.mcu.externaltools.gnu-tools-for-stm32.13.3.rel1.win32_1.0.0.202411081344/tools/bin/../lib/gcc/arm-none-eabi/13.3.1/thumb/v7e-m+fp/hard/crti.o
                0x08007684                _fini
 .fini          0x08007688        0x8 C:/ST/STM32CubeIDE_1.18.1/STM32CubeIDE/plugins/com.st.stm32cube.ide.mcu.externaltools.gnu-tools-for-stm32.13.3.rel1.win32_1.0.0.202411081344/tools/bin/../lib/gcc/arm-none-eabi/13.3.1/thumb/v7e-m+fp/hard/crtn.o
                0x08007690                        . = ALIGN (0x4)
                0x08007690                        _etext = .

.vfp11_veneer   0x08007690        0x0
 .vfp11_veneer  0x08007690        0x0 linker stubs

.v4_bx          0x08007690        0x0
 .v4_bx         0x08007690        0x0 linker stubs

.iplt           0x08007690        0x0
 .iplt          0x08007690        0x0 C:/ST/STM32CubeIDE_1.18.1/STM32CubeIDE/plugins/com.st.stm32cube.ide.mcu.externaltools.gnu-tools-for-stm32.13.3.rel1.win32_1.0.0.202411081344/tools/bin/../lib/gcc/arm-none-eabi/13.3.1/thumb/v7e-m+fp/hard/crtbegin.o

.rodata         0x08007690       0x50
                0x08007690                        . = ALIGN (0x4)
 *(.rodata)
 .rodata        0x08007690       0x16 ./Core/Src/main.o
 *(.rodata*)
 *fill*         0x080076a6        0x2 
 .rodata.AHBPrescTable
                0x080076a8       0x10 ./Core/Src/system_stm32f3xx.o
                0x080076a8                AHBPrescTable
 .rodata.APBPrescTable
                0x080076b8        0x8 ./Core/Src/system_stm32f3xx.o
                0x080076b8                APBPrescTable
 .rodata.aPLLMULFactorTable
                0x080076c0       0x10 ./Drivers/STM32F3xx_HAL_Driver/Src/stm32f3xx_hal_rcc.o
 .rodata.aPredivFactorTable
                0x080076d0       0x10 ./Drivers/STM32F3xx_HAL_Driver/Src/stm32f3xx_hal_rcc.o
                0x080076e0                        . = ALIGN (0x4)

.ARM.extab      0x080076e0        0x0
                0x080076e0                        . = ALIGN (0x4)
 *(.ARM.extab* .gnu.linkonce.armextab.*)
                0x080076e0                        . = ALIGN (0x4)

.ARM            0x080076e0        0x0
                0x080076e0                        . = ALIGN (0x4)
                0x080076e0                        __exidx_start = .
 *(.ARM.exidx*)
                0x080076e0                        __exidx_end = .
                0x080076e0                        . = ALIGN (0x4)

.preinit_array  0x080076e0        0x0
                0x080076e0                        . = ALIGN (0x4)
                0x080076e0                        PROVIDE (__preinit_array_start = .)
 *(.preinit_array*)
                0x080076e0                        PROVIDE (__preinit_array_end = .)
                0x080076e0                        . = ALIGN (0x4)

.init_array     0x080076e0        0x4
                0x080076e0                        . = ALIGN (0x4)
                0x080076e0                        PROVIDE (__init_array_start = .)
 *(SORT_BY_NAME(.init_array.*))
 *(.init_array*)
 .init_array    0x080076e0        0x4 C:/ST/STM32CubeIDE_1.18.1/STM32CubeIDE/plugins/com.st.stm32cube.ide.mcu.externaltools.gnu-tools-for-stm32.13.3.rel1.win32_1.0.0.202411081344/tools/bin/../lib/gcc/arm-none-eabi/13.3.1/thumb/v7e-m+fp/hard/crtbegin.o
                0x080076e4                        PROVIDE (__init_array_end = .)
                0x080076e4                        . = ALIGN (0x4)

.fini_array     0x080076e4        0x4
                0x080076e4                        . = ALIGN (0x4)
                [!provide]                        PROVIDE (__fini_array_start = .)
 *(SORT_BY_NAME(.fini_array.*))
 *(.fini_array*)
 .fini_array    0x080076e4        0x4 C:/ST/STM32CubeIDE_1.18.1/STM32CubeIDE/plugins/com.st.stm32cube.ide.mcu.externaltools.gnu-tools-for-stm32.13.3.rel1.win32_1.0.0.202411081344/tools/bin/../lib/gcc/arm-none-eabi/13.3.1/thumb/v7e-m+fp/hard/crtbegin.o
                [!provide]                        PROVIDE (__fini_array_end = .)
                0x080076e8                        . = ALIGN (0x4)
                0x080076e8                        _sidata = LOADADDR (.data)

.rel.dyn        0x080076e8        0x0
 .rel.iplt      0x080076e8        0x0 C:/ST/STM32CubeIDE_1.18.1/STM32CubeIDE/plugins/com.st.stm32cube.ide.mcu.externaltools.gnu-tools-for-stm32.13.3.rel1.win32_1.0.0.202411081344/tools/bin/../lib/gcc/arm-none-eabi/13.3.1/thumb/v7e-m+fp/hard/crtbegin.o

.data           0x20000000       0x18 load address 0x080076e8
                0x20000000                        . = ALIGN (0x4)
                0x20000000                        _sdata = .
 *(.data)
 *(.data*)
 .data.psbuf    0x20000000        0x1 ./Core/Src/main.o
                0x20000000                psbuf
 *fill*         0x20000001        0x3 
 .data.stato    0x20000004        0x6 ./Core/Src/main.o
                0x20000004                stato
 *fill*         0x2000000a        0x2 
 .data.SystemCoreClock
                0x2000000c        0x4 ./Core/Src/system_stm32f3xx.o
                0x2000000c                SystemCoreClock
 .data.uwTickPrio
                0x20000010        0x4 ./Drivers/STM32F3xx_HAL_Driver/Src/stm32f3xx_hal.o
                0x20000010                uwTickPrio
 .data.uwTickFreq
                0x20000014        0x1 ./Drivers/STM32F3xx_HAL_Driver/Src/stm32f3xx_hal.o
                0x20000014                uwTickFreq
 *(.RamFunc)
 *(.RamFunc*)
                0x20000018                        . = ALIGN (0x4)
 *fill*         0x20000015        0x3 
                0x20000018                        _edata = .
                0x08007700                        _siccmram = LOADADDR (.ccmram)

.igot.plt       0x20000018        0x0 load address 0x08007700
 .igot.plt      0x20000018        0x0 C:/ST/STM32CubeIDE_1.18.1/STM32CubeIDE/plugins/com.st.stm32cube.ide.mcu.externaltools.gnu-tools-for-stm32.13.3.rel1.win32_1.0.0.202411081344/tools/bin/../lib/gcc/arm-none-eabi/13.3.1/thumb/v7e-m+fp/hard/crtbegin.o

.ccmram         0x10000000        0x0 load address 0x08007700
                0x10000000                        . = ALIGN (0x4)
                0x10000000                        _sccmram = .
 *(.ccmram)
 *(.ccmram*)
                0x10000000                        . = ALIGN (0x4)
                0x10000000                        _eccmram = .
                0x10000000                        . = ALIGN (0x4)

.bss            0x20000018      0x5b0
                0x20000018                        _sbss = .
                0x20000018                        __bss_start__ = _sbss
 *(.bss)
 .bss           0x20000018       0x1c C:/ST/STM32CubeIDE_1.18.1/STM32CubeIDE/plugins/com.st.stm32cube.ide.mcu.externaltools.gnu-tools-for-stm32.13.3.rel1.win32_1.0.0.202411081344/tools/bin/../lib/gcc/arm-none-eabi/13.3.1/thumb/v7e-m+fp/hard/crtbegin.o
 *(.bss*)
 .bss.hadc1     0x20000034       0x50 ./Core/Src/main.o
                0x20000034                hadc1
 .bss.hi2c1     0x20000084       0x54 ./Core/Src/main.o
                0x20000084                hi2c1
 .bss.hspi1     0x200000d8       0x64 ./Core/Src/main.o
                0x200000d8                hspi1
 .bss.htim1     0x2000013c       0x4c ./Core/Src/main.o
                0x2000013c                htim1
 .bss.htim4     0x20000188       0x4c ./Core/Src/main.o
                0x20000188                htim4
 .bss.huart4    0x200001d4       0x88 ./Core/Src/main.o
                0x200001d4                huart4
 .bss.huart2    0x2000025c       0x88 ./Core/Src/main.o
                0x2000025c                huart2
 .bss.hpcd_USB_FS
                0x200002e4      0x2d4 ./Core/Src/main.o
                0x200002e4                hpcd_USB_FS
 .bss.MODE      0x200005b8        0x1 ./Core/Src/main.o
                0x200005b8                MODE
 .bss.pbuf      0x200005b9        0x1 ./Core/Src/main.o
                0x200005b9                pbuf
 *fill*         0x200005ba        0x2 
 .bss.spegni    0x200005bc        0x4 ./Core/Src/main.o
                0x200005bc                spegni
 .bss.attesa_reset
                0x200005c0        0x4 ./Core/Src/main.o
                0x200005c0                attesa_reset
 .bss.uwTick    0x200005c4        0x4 ./Drivers/STM32F3xx_HAL_Driver/Src/stm32f3xx_hal.o
                0x200005c4                uwTick
 *(COMMON)
                0x200005c8                        . = ALIGN (0x4)
                0x200005c8                        _ebss = .
                0x200005c8                        __bss_end__ = _ebss

._user_heap_stack
                0x200005c8      0x600
                0x200005c8                        . = ALIGN (0x8)
                [!provide]                        PROVIDE (end = .)
                0x200005c8                        PROVIDE (_end = .)
                0x200007c8                        . = (. + _Min_Heap_Size)
 *fill*         0x200005c8      0x200 
                0x20000bc8                        . = (. + _Min_Stack_Size)
 *fill*         0x200007c8      0x400 
                0x20000bc8                        . = ALIGN (0x8)

/DISCARD/
 libc.a(*)
 libm.a(*)
 libgcc.a(*)

.ARM.attributes
                0x00000000       0x30
 *(.ARM.attributes)
 .ARM.attributes
                0x00000000       0x22 C:/ST/STM32CubeIDE_1.18.1/STM32CubeIDE/plugins/com.st.stm32cube.ide.mcu.externaltools.gnu-tools-for-stm32.13.3.rel1.win32_1.0.0.202411081344/tools/bin/../lib/gcc/arm-none-eabi/13.3.1/thumb/v7e-m+fp/hard/crti.o
 .ARM.attributes
                0x00000022       0x34 C:/ST/STM32CubeIDE_1.18.1/STM32CubeIDE/plugins/com.st.stm32cube.ide.mcu.externaltools.gnu-tools-for-stm32.13.3.rel1.win32_1.0.0.202411081344/tools/bin/../lib/gcc/arm-none-eabi/13.3.1/thumb/v7e-m+fp/hard/crtbegin.o
 .ARM.attributes
                0x00000056       0x34 ./Core/Src/main.o
 .ARM.attributes
                0x0000008a       0x34 ./Core/Src/stm32f3xx_hal_msp.o
 .ARM.attributes
                0x000000be       0x34 ./Core/Src/stm32f3xx_it.o
 .ARM.attributes
                0x000000f2       0x34 ./Core/Src/system_stm32f3xx.o
 .ARM.attributes
                0x00000126       0x21 ./Core/Startup/startup_stm32f303vctx.o
 .ARM.attributes
                0x00000147       0x34 ./Drivers/STM32F3xx_HAL_Driver/Src/stm32f3xx_hal.o
 .ARM.attributes
                0x0000017b       0x34 ./Drivers/STM32F3xx_HAL_Driver/Src/stm32f3xx_hal_adc.o
 .ARM.attributes
                0x000001af       0x34 ./Drivers/STM32F3xx_HAL_Driver/Src/stm32f3xx_hal_adc_ex.o
 .ARM.attributes
                0x000001e3       0x34 ./Drivers/STM32F3xx_HAL_Driver/Src/stm32f3xx_hal_cortex.o
 .ARM.attributes
                0x00000217       0x34 ./Drivers/STM32F3xx_HAL_Driver/Src/stm32f3xx_hal_dma.o
 .ARM.attributes
                0x0000024b       0x34 ./Drivers/STM32F3xx_HAL_Driver/Src/stm32f3xx_hal_gpio.o
 .ARM.attributes
                0x0000027f       0x34 ./Drivers/STM32F3xx_HAL_Driver/Src/stm32f3xx_hal_i2c.o
 .ARM.attributes
                0x000002b3       0x34 ./Drivers/STM32F3xx_HAL_Driver/Src/stm32f3xx_hal_i2c_ex.o
 .ARM.attributes
                0x000002e7       0x34 ./Drivers/STM32F3xx_HAL_Driver/Src/stm32f3xx_hal_pcd.o
 .ARM.attributes
                0x0000031b       0x34 ./Drivers/STM32F3xx_HAL_Driver/Src/stm32f3xx_hal_rcc.o
 .ARM.attributes
                0x0000034f       0x34 ./Drivers/STM32F3xx_HAL_Driver/Src/stm32f3xx_hal_rcc_ex.o
 .ARM.attributes
                0x00000383       0x34 ./Drivers/STM32F3xx_HAL_Driver/Src/stm32f3xx_hal_spi.o
 .ARM.attributes
                0x000003b7       0x34 ./Drivers/STM32F3xx_HAL_Driver/Src/stm32f3xx_hal_tim.o
 .ARM.attributes
                0x000003eb       0x34 ./Drivers/STM32F3xx_HAL_Driver/Src/stm32f3xx_hal_tim_ex.o
 .ARM.attributes
                0x0000041f       0x34 ./Drivers/STM32F3xx_HAL_Driver/Src/stm32f3xx_hal_uart.o
 .ARM.attributes
                0x00000453       0x34 ./Drivers/STM32F3xx_HAL_Driver/Src/stm32f3xx_hal_uart_ex.o
 .ARM.attributes
                0x00000487       0x34 ./Drivers/STM32F3xx_HAL_Driver/Src/stm32f3xx_ll_usb.o
 .ARM.attributes
                0x000004bb       0x34 C:/ST/STM32CubeIDE_1.18.1/STM32CubeIDE/plugins/com.st.stm32cube.ide.mcu.externaltools.gnu-tools-for-stm32.13.3.rel1.win32_1.0.0.202411081344/tools/bin/../lib/gcc/arm-none-eabi/13.3.1/../../../../arm-none-eabi/lib/thumb/v7e-m+fp/hard\libc_nano.a(libc_a-memset.o)
 .ARM.attributes
                0x000004ef       0x34 C:/ST/STM32CubeIDE_1.18.1/STM32CubeIDE/plugins/com.st.stm32cube.ide.mcu.externaltools.gnu-tools-for-stm32.13.3.rel1.win32_1.0.0.202411081344/tools/bin/../lib/gcc/arm-none-eabi/13.3.1/../../../../arm-none-eabi/lib/thumb/v7e-m+fp/hard\libc_nano.a(libc_a-init.o)
 .ARM.attributes
                0x00000523       0x22 C:/ST/STM32CubeIDE_1.18.1/STM32CubeIDE/plugins/com.st.stm32cube.ide.mcu.externaltools.gnu-tools-for-stm32.13.3.rel1.win32_1.0.0.202411081344/tools/bin/../lib/gcc/arm-none-eabi/13.3.1/thumb/v7e-m+fp/hard/crtn.o
OUTPUT(prova2.elf elf32-littlearm)
LOAD linker stubs
LOAD C:/ST/STM32CubeIDE_1.18.1/STM32CubeIDE/plugins/com.st.stm32cube.ide.mcu.externaltools.gnu-tools-for-stm32.13.3.rel1.win32_1.0.0.202411081344/tools/bin/../lib/gcc/arm-none-eabi/13.3.1/../../../../arm-none-eabi/lib/thumb/v7e-m+fp/hard\libc.a
LOAD C:/ST/STM32CubeIDE_1.18.1/STM32CubeIDE/plugins/com.st.stm32cube.ide.mcu.externaltools.gnu-tools-for-stm32.13.3.rel1.win32_1.0.0.202411081344/tools/bin/../lib/gcc/arm-none-eabi/13.3.1/../../../../arm-none-eabi/lib/thumb/v7e-m+fp/hard\libm.a
LOAD C:/ST/STM32CubeIDE_1.18.1/STM32CubeIDE/plugins/com.st.stm32cube.ide.mcu.externaltools.gnu-tools-for-stm32.13.3.rel1.win32_1.0.0.202411081344/tools/bin/../lib/gcc/arm-none-eabi/13.3.1/thumb/v7e-m+fp/hard\libgcc.a

.debug_info     0x00000000    0x1a8ca
 .debug_info    0x00000000     0x27c5 ./Core/Src/main.o
 .debug_info    0x000027c5     0x1fcc ./Core/Src/stm32f3xx_hal_msp.o
 .debug_info    0x00004791      0xe7c ./Core/Src/stm32f3xx_it.o
 .debug_info    0x0000560d      0x407 ./Core/Src/system_stm32f3xx.o
 .debug_info    0x00005a14       0x30 ./Core/Startup/startup_stm32f303vctx.o
 .debug_info    0x00005a44      0x7d4 ./Drivers/STM32F3xx_HAL_Driver/Src/stm32f3xx_hal.o
 .debug_info    0x00006218      0xb32 ./Drivers/STM32F3xx_HAL_Driver/Src/stm32f3xx_hal_adc.o
 .debug_info    0x00006d4a     0x15b2 ./Drivers/STM32F3xx_HAL_Driver/Src/stm32f3xx_hal_adc_ex.o
 .debug_info    0x000082fc      0xce4 ./Drivers/STM32F3xx_HAL_Driver/Src/stm32f3xx_hal_cortex.o
 .debug_info    0x00008fe0      0x6e1 ./Drivers/STM32F3xx_HAL_Driver/Src/stm32f3xx_hal_dma.o
 .debug_info    0x000096c1      0x5fe ./Drivers/STM32F3xx_HAL_Driver/Src/stm32f3xx_hal_gpio.o
 .debug_info    0x00009cbf     0x20c3 ./Drivers/STM32F3xx_HAL_Driver/Src/stm32f3xx_hal_i2c.o
 .debug_info    0x0000bd82      0x818 ./Drivers/STM32F3xx_HAL_Driver/Src/stm32f3xx_hal_i2c_ex.o
 .debug_info    0x0000c59a     0x166f ./Drivers/STM32F3xx_HAL_Driver/Src/stm32f3xx_hal_pcd.o
 .debug_info    0x0000dc09     0x148a ./Drivers/STM32F3xx_HAL_Driver/Src/stm32f3xx_hal_rcc.o
 .debug_info    0x0000f093      0x5b9 ./Drivers/STM32F3xx_HAL_Driver/Src/stm32f3xx_hal_rcc_ex.o
 .debug_info    0x0000f64c     0x1622 ./Drivers/STM32F3xx_HAL_Driver/Src/stm32f3xx_hal_spi.o
 .debug_info    0x00010c6e     0x2a70 ./Drivers/STM32F3xx_HAL_Driver/Src/stm32f3xx_hal_tim.o
 .debug_info    0x000136de     0x156d ./Drivers/STM32F3xx_HAL_Driver/Src/stm32f3xx_hal_tim_ex.o
 .debug_info    0x00014c4b     0x39a8 ./Drivers/STM32F3xx_HAL_Driver/Src/stm32f3xx_hal_uart.o
 .debug_info    0x000185f3      0xc9c ./Drivers/STM32F3xx_HAL_Driver/Src/stm32f3xx_hal_uart_ex.o
 .debug_info    0x0001928f     0x163b ./Drivers/STM32F3xx_HAL_Driver/Src/stm32f3xx_ll_usb.o

.debug_abbrev   0x00000000     0x30d8
 .debug_abbrev  0x00000000      0x315 ./Core/Src/main.o
 .debug_abbrev  0x00000315      0x24e ./Core/Src/stm32f3xx_hal_msp.o
 .debug_abbrev  0x00000563      0x1c2 ./Core/Src/stm32f3xx_it.o
 .debug_abbrev  0x00000725      0x11a ./Core/Src/system_stm32f3xx.o
 .debug_abbrev  0x0000083f       0x24 ./Core/Startup/startup_stm32f303vctx.o
 .debug_abbrev  0x00000863      0x215 ./Drivers/STM32F3xx_HAL_Driver/Src/stm32f3xx_hal.o
 .debug_abbrev  0x00000a78      0x186 ./Drivers/STM32F3xx_HAL_Driver/Src/stm32f3xx_hal_adc.o
 .debug_abbrev  0x00000bfe      0x28e ./Drivers/STM32F3xx_HAL_Driver/Src/stm32f3xx_hal_adc_ex.o
 .debug_abbrev  0x00000e8c      0x31e ./Drivers/STM32F3xx_HAL_Driver/Src/stm32f3xx_hal_cortex.o
 .debug_abbrev  0x000011aa      0x20d ./Drivers/STM32F3xx_HAL_Driver/Src/stm32f3xx_hal_dma.o
 .debug_abbrev  0x000013b7      0x1ca ./Drivers/STM32F3xx_HAL_Driver/Src/stm32f3xx_hal_gpio.o
 .debug_abbrev  0x00001581      0x260 ./Drivers/STM32F3xx_HAL_Driver/Src/stm32f3xx_hal_i2c.o
 .debug_abbrev  0x000017e1      0x1c2 ./Drivers/STM32F3xx_HAL_Driver/Src/stm32f3xx_hal_i2c_ex.o
 .debug_abbrev  0x000019a3      0x2d9 ./Drivers/STM32F3xx_HAL_Driver/Src/stm32f3xx_hal_pcd.o
 .debug_abbrev  0x00001c7c      0x300 ./Drivers/STM32F3xx_HAL_Driver/Src/stm32f3xx_hal_rcc.o
 .debug_abbrev  0x00001f7c      0x221 ./Drivers/STM32F3xx_HAL_Driver/Src/stm32f3xx_hal_rcc_ex.o
 .debug_abbrev  0x0000219d      0x269 ./Drivers/STM32F3xx_HAL_Driver/Src/stm32f3xx_hal_spi.o
 .debug_abbrev  0x00002406      0x278 ./Drivers/STM32F3xx_HAL_Driver/Src/stm32f3xx_hal_tim.o
 .debug_abbrev  0x0000267e      0x283 ./Drivers/STM32F3xx_HAL_Driver/Src/stm32f3xx_hal_tim_ex.o
 .debug_abbrev  0x00002901      0x2d1 ./Drivers/STM32F3xx_HAL_Driver/Src/stm32f3xx_hal_uart.o
 .debug_abbrev  0x00002bd2      0x2bf ./Drivers/STM32F3xx_HAL_Driver/Src/stm32f3xx_hal_uart_ex.o
 .debug_abbrev  0x00002e91      0x247 ./Drivers/STM32F3xx_HAL_Driver/Src/stm32f3xx_ll_usb.o

.debug_aranges  0x00000000     0x1698
 .debug_aranges
                0x00000000       0xa0 ./Core/Src/main.o
 .debug_aranges
                0x000000a0       0x98 ./Core/Src/stm32f3xx_hal_msp.o
 .debug_aranges
                0x00000138       0x80 ./Core/Src/stm32f3xx_it.o
 .debug_aranges
                0x000001b8       0x28 ./Core/Src/system_stm32f3xx.o
 .debug_aranges
                0x000001e0       0x28 ./Core/Startup/startup_stm32f303vctx.o
 .debug_aranges
                0x00000208       0xe0 ./Drivers/STM32F3xx_HAL_Driver/Src/stm32f3xx_hal.o
 .debug_aranges
                0x000002e8       0xc8 ./Drivers/STM32F3xx_HAL_Driver/Src/stm32f3xx_hal_adc.o
 .debug_aranges
                0x000003b0      0x168 ./Drivers/STM32F3xx_HAL_Driver/Src/stm32f3xx_hal_adc_ex.o
 .debug_aranges
                0x00000518      0x128 ./Drivers/STM32F3xx_HAL_Driver/Src/stm32f3xx_hal_cortex.o
 .debug_aranges
                0x00000640       0x88 ./Drivers/STM32F3xx_HAL_Driver/Src/stm32f3xx_hal_dma.o
 .debug_aranges
                0x000006c8       0x58 ./Drivers/STM32F3xx_HAL_Driver/Src/stm32f3xx_hal_gpio.o
 .debug_aranges
                0x00000720      0x2a0 ./Drivers/STM32F3xx_HAL_Driver/Src/stm32f3xx_hal_i2c.o
 .debug_aranges
                0x000009c0       0x48 ./Drivers/STM32F3xx_HAL_Driver/Src/stm32f3xx_hal_i2c_ex.o
 .debug_aranges
                0x00000a08      0x140 ./Drivers/STM32F3xx_HAL_Driver/Src/stm32f3xx_hal_pcd.o
 .debug_aranges
                0x00000b48       0x88 ./Drivers/STM32F3xx_HAL_Driver/Src/stm32f3xx_hal_rcc.o
 .debug_aranges
                0x00000bd0       0x38 ./Drivers/STM32F3xx_HAL_Driver/Src/stm32f3xx_hal_rcc_ex.o
 .debug_aranges
                0x00000c08      0x1d8 ./Drivers/STM32F3xx_HAL_Driver/Src/stm32f3xx_hal_spi.o
 .debug_aranges
                0x00000de0      0x3e0 ./Drivers/STM32F3xx_HAL_Driver/Src/stm32f3xx_hal_tim.o
 .debug_aranges
                0x000011c0      0x178 ./Drivers/STM32F3xx_HAL_Driver/Src/stm32f3xx_hal_tim_ex.o
 .debug_aranges
                0x00001338      0x228 ./Drivers/STM32F3xx_HAL_Driver/Src/stm32f3xx_hal_uart.o
 .debug_aranges
                0x00001560       0x70 ./Drivers/STM32F3xx_HAL_Driver/Src/stm32f3xx_hal_uart_ex.o
 .debug_aranges
                0x000015d0       0xc8 ./Drivers/STM32F3xx_HAL_Driver/Src/stm32f3xx_ll_usb.o

.debug_rnglists
                0x00000000     0x11ce
 .debug_rnglists
                0x00000000       0x7b ./Core/Src/main.o
 .debug_rnglists
                0x0000007b       0x72 ./Core/Src/stm32f3xx_hal_msp.o
 .debug_rnglists
                0x000000ed       0x5b ./Core/Src/stm32f3xx_it.o
 .debug_rnglists
                0x00000148       0x1a ./Core/Src/system_stm32f3xx.o
 .debug_rnglists
                0x00000162       0x19 ./Core/Startup/startup_stm32f303vctx.o
 .debug_rnglists
                0x0000017b       0xa3 ./Drivers/STM32F3xx_HAL_Driver/Src/stm32f3xx_hal.o
 .debug_rnglists
                0x0000021e       0x91 ./Drivers/STM32F3xx_HAL_Driver/Src/stm32f3xx_hal_adc.o
 .debug_rnglists
                0x000002af      0x126 ./Drivers/STM32F3xx_HAL_Driver/Src/stm32f3xx_hal_adc_ex.o
 .debug_rnglists
                0x000003d5       0xda ./Drivers/STM32F3xx_HAL_Driver/Src/stm32f3xx_hal_cortex.o
 .debug_rnglists
                0x000004af       0x69 ./Drivers/STM32F3xx_HAL_Driver/Src/stm32f3xx_hal_dma.o
 .debug_rnglists
                0x00000518       0x3f ./Drivers/STM32F3xx_HAL_Driver/Src/stm32f3xx_hal_gpio.o
 .debug_rnglists
                0x00000557      0x228 ./Drivers/STM32F3xx_HAL_Driver/Src/stm32f3xx_hal_i2c.o
 .debug_rnglists
                0x0000077f       0x35 ./Drivers/STM32F3xx_HAL_Driver/Src/stm32f3xx_hal_i2c_ex.o
 .debug_rnglists
                0x000007b4       0xf4 ./Drivers/STM32F3xx_HAL_Driver/Src/stm32f3xx_hal_pcd.o
 .debug_rnglists
                0x000008a8       0x66 ./Drivers/STM32F3xx_HAL_Driver/Src/stm32f3xx_hal_rcc.o
 .debug_rnglists
                0x0000090e       0x28 ./Drivers/STM32F3xx_HAL_Driver/Src/stm32f3xx_hal_rcc_ex.o
 .debug_rnglists
                0x00000936      0x178 ./Drivers/STM32F3xx_HAL_Driver/Src/stm32f3xx_hal_spi.o
 .debug_rnglists
                0x00000aae      0x328 ./Drivers/STM32F3xx_HAL_Driver/Src/stm32f3xx_hal_tim.o
 .debug_rnglists
                0x00000dd6      0x131 ./Drivers/STM32F3xx_HAL_Driver/Src/stm32f3xx_hal_tim_ex.o
 .debug_rnglists
                0x00000f07      0x1da ./Drivers/STM32F3xx_HAL_Driver/Src/stm32f3xx_hal_uart.o
 .debug_rnglists
                0x000010e1       0x54 ./Drivers/STM32F3xx_HAL_Driver/Src/stm32f3xx_hal_uart_ex.o
 .debug_rnglists
                0x00001135       0x99 ./Drivers/STM32F3xx_HAL_Driver/Src/stm32f3xx_ll_usb.o

.debug_macro    0x00000000    0x2043e
 .debug_macro   0x00000000      0x352 ./Core/Src/main.o
 .debug_macro   0x00000352      0xad8 ./Core/Src/main.o
 .debug_macro   0x00000e2a      0x170 ./Core/Src/main.o
 .debug_macro   0x00000f9a       0x2e ./Core/Src/main.o
 .debug_macro   0x00000fc8       0x28 ./Core/Src/main.o
 .debug_macro   0x00000ff0       0x22 ./Core/Src/main.o
 .debug_macro   0x00001012       0x8e ./Core/Src/main.o
 .debug_macro   0x000010a0       0x51 ./Core/Src/main.o
 .debug_macro   0x000010f1      0x103 ./Core/Src/main.o
 .debug_macro   0x000011f4       0x6a ./Core/Src/main.o
 .debug_macro   0x0000125e      0x1df ./Core/Src/main.o
 .debug_macro   0x0000143d       0x1c ./Core/Src/main.o
 .debug_macro   0x00001459       0x22 ./Core/Src/main.o
 .debug_macro   0x0000147b       0xd9 ./Core/Src/main.o
 .debug_macro   0x00001554     0x102d ./Core/Src/main.o
 .debug_macro   0x00002581      0x11f ./Core/Src/main.o
 .debug_macro   0x000026a0    0x12a3a ./Core/Src/main.o
 .debug_macro   0x000150da       0x6d ./Core/Src/main.o
 .debug_macro   0x00015147     0x3574 ./Core/Src/main.o
 .debug_macro   0x000186bb      0x190 ./Core/Src/main.o
 .debug_macro   0x0001884b       0x55 ./Core/Src/main.o
 .debug_macro   0x000188a0      0x961 ./Core/Src/main.o
 .debug_macro   0x00019201      0x5fe ./Core/Src/main.o
 .debug_macro   0x000197ff      0x1b5 ./Core/Src/main.o
 .debug_macro   0x000199b4      0x1fb ./Core/Src/main.o
 .debug_macro   0x00019baf      0x1dc ./Core/Src/main.o
 .debug_macro   0x00019d8b      0x1bc ./Core/Src/main.o
 .debug_macro   0x00019f47       0x30 ./Core/Src/main.o
 .debug_macro   0x00019f77       0x3c ./Core/Src/main.o
 .debug_macro   0x00019fb3      0x235 ./Core/Src/main.o
 .debug_macro   0x0001a1e8      0x9b1 ./Core/Src/main.o
 .debug_macro   0x0001ab99       0x77 ./Core/Src/main.o
 .debug_macro   0x0001ac10       0xc5 ./Core/Src/main.o
 .debug_macro   0x0001acd5      0x21d ./Core/Src/main.o
 .debug_macro   0x0001aef2      0x22c ./Core/Src/main.o
 .debug_macro   0x0001b11e       0x5b ./Core/Src/main.o
 .debug_macro   0x0001b179       0xa5 ./Core/Src/main.o
 .debug_macro   0x0001b21e       0x73 ./Core/Src/main.o
 .debug_macro   0x0001b291      0x242 ./Core/Src/main.o
 .debug_macro   0x0001b4d3       0x81 ./Core/Src/main.o
 .debug_macro   0x0001b554       0xd3 ./Core/Src/main.o
 .debug_macro   0x0001b627      0x2fe ./Core/Src/main.o
 .debug_macro   0x0001b925      0xa60 ./Core/Src/main.o
 .debug_macro   0x0001c385       0x89 ./Core/Src/main.o
 .debug_macro   0x0001c40e      0x5ba ./Core/Src/main.o
 .debug_macro   0x0001c9c8       0x3e ./Core/Src/main.o
 .debug_macro   0x0001ca06      0x275 ./Core/Src/main.o
 .debug_macro   0x0001cc7b      0x148 ./Core/Src/main.o
 .debug_macro   0x0001cdc3       0x61 ./Core/Src/main.o
 .debug_macro   0x0001ce24       0x2a ./Core/Src/main.o
 .debug_macro   0x0001ce4e       0x43 ./Core/Src/main.o
 .debug_macro   0x0001ce91       0x34 ./Core/Src/main.o
 .debug_macro   0x0001cec5       0x16 ./Core/Src/main.o
 .debug_macro   0x0001cedb       0x3c ./Core/Src/main.o
 .debug_macro   0x0001cf17      0x370 ./Core/Src/main.o
 .debug_macro   0x0001d287       0x10 ./Core/Src/main.o
 .debug_macro   0x0001d297       0x16 ./Core/Src/main.o
 .debug_macro   0x0001d2ad       0x4a ./Core/Src/main.o
 .debug_macro   0x0001d2f7       0x34 ./Core/Src/main.o
 .debug_macro   0x0001d32b       0x10 ./Core/Src/main.o
 .debug_macro   0x0001d33b       0x58 ./Core/Src/main.o
 .debug_macro   0x0001d393       0x8e ./Core/Src/main.o
 .debug_macro   0x0001d421       0x1c ./Core/Src/main.o
 .debug_macro   0x0001d43d      0x185 ./Core/Src/main.o
 .debug_macro   0x0001d5c2       0x16 ./Core/Src/main.o
 .debug_macro   0x0001d5d8       0x16 ./Core/Src/main.o
 .debug_macro   0x0001d5ee      0x146 ./Core/Src/main.o
 .debug_macro   0x0001d734       0x16 ./Core/Src/main.o
 .debug_macro   0x0001d74a       0x20 ./Core/Src/main.o
 .debug_macro   0x0001d76a      0x238 ./Core/Src/stm32f3xx_hal_msp.o
 .debug_macro   0x0001d9a2      0x242 ./Core/Src/stm32f3xx_it.o
 .debug_macro   0x0001dbe4      0x229 ./Core/Src/system_stm32f3xx.o
 .debug_macro   0x0001de0d      0x24d ./Drivers/STM32F3xx_HAL_Driver/Src/stm32f3xx_hal.o
 .debug_macro   0x0001e05a      0x22a ./Drivers/STM32F3xx_HAL_Driver/Src/stm32f3xx_hal_adc.o
 .debug_macro   0x0001e284      0x253 ./Drivers/STM32F3xx_HAL_Driver/Src/stm32f3xx_hal_adc_ex.o
 .debug_macro   0x0001e4d7      0x229 ./Drivers/STM32F3xx_HAL_Driver/Src/stm32f3xx_hal_cortex.o
 .debug_macro   0x0001e700      0x229 ./Drivers/STM32F3xx_HAL_Driver/Src/stm32f3xx_hal_dma.o
 .debug_macro   0x0001e929      0x230 ./Drivers/STM32F3xx_HAL_Driver/Src/stm32f3xx_hal_gpio.o
 .debug_macro   0x0001eb59      0x2f5 ./Drivers/STM32F3xx_HAL_Driver/Src/stm32f3xx_hal_i2c.o
 .debug_macro   0x0001ee4e      0x229 ./Drivers/STM32F3xx_HAL_Driver/Src/stm32f3xx_hal_i2c_ex.o
 .debug_macro   0x0001f077      0x235 ./Drivers/STM32F3xx_HAL_Driver/Src/stm32f3xx_hal_pcd.o
 .debug_macro   0x0001f2ac      0x24d ./Drivers/STM32F3xx_HAL_Driver/Src/stm32f3xx_hal_rcc.o
 .debug_macro   0x0001f4f9      0x229 ./Drivers/STM32F3xx_HAL_Driver/Src/stm32f3xx_hal_rcc_ex.o
 .debug_macro   0x0001f722      0x231 ./Drivers/STM32F3xx_HAL_Driver/Src/stm32f3xx_hal_spi.o
 .debug_macro   0x0001f953      0x22a ./Drivers/STM32F3xx_HAL_Driver/Src/stm32f3xx_hal_tim.o
 .debug_macro   0x0001fb7d      0x229 ./Drivers/STM32F3xx_HAL_Driver/Src/stm32f3xx_hal_tim_ex.o
 .debug_macro   0x0001fda6      0x246 ./Drivers/STM32F3xx_HAL_Driver/Src/stm32f3xx_hal_uart.o
 .debug_macro   0x0001ffec      0x229 ./Drivers/STM32F3xx_HAL_Driver/Src/stm32f3xx_hal_uart_ex.o
 .debug_macro   0x00020215      0x229 ./Drivers/STM32F3xx_HAL_Driver/Src/stm32f3xx_ll_usb.o

.debug_line     0x00000000    0x1ce1a
 .debug_line    0x00000000      0xe85 ./Core/Src/main.o
 .debug_line    0x00000e85      0xa72 ./Core/Src/stm32f3xx_hal_msp.o
 .debug_line    0x000018f7      0x929 ./Core/Src/stm32f3xx_it.o
 .debug_line    0x00002220      0x894 ./Core/Src/system_stm32f3xx.o
 .debug_line    0x00002ab4       0x7a ./Core/Startup/startup_stm32f303vctx.o
 .debug_line    0x00002b2e      0xad0 ./Drivers/STM32F3xx_HAL_Driver/Src/stm32f3xx_hal.o
 .debug_line    0x000035fe      0xa0a ./Drivers/STM32F3xx_HAL_Driver/Src/stm32f3xx_hal_adc.o
 .debug_line    0x00004008     0x26be ./Drivers/STM32F3xx_HAL_Driver/Src/stm32f3xx_hal_adc_ex.o
 .debug_line    0x000066c6      0xd9b ./Drivers/STM32F3xx_HAL_Driver/Src/stm32f3xx_hal_cortex.o
 .debug_line    0x00007461      0xdbe ./Drivers/STM32F3xx_HAL_Driver/Src/stm32f3xx_hal_dma.o
 .debug_line    0x0000821f      0xc1b ./Drivers/STM32F3xx_HAL_Driver/Src/stm32f3xx_hal_gpio.o
 .debug_line    0x00008e3a     0x3821 ./Drivers/STM32F3xx_HAL_Driver/Src/stm32f3xx_hal_i2c.o
 .debug_line    0x0000c65b      0x980 ./Drivers/STM32F3xx_HAL_Driver/Src/stm32f3xx_hal_i2c_ex.o
 .debug_line    0x0000cfdb     0x1390 ./Drivers/STM32F3xx_HAL_Driver/Src/stm32f3xx_hal_pcd.o
 .debug_line    0x0000e36b     0x162f ./Drivers/STM32F3xx_HAL_Driver/Src/stm32f3xx_hal_rcc.o
 .debug_line    0x0000f99a      0xe6c ./Drivers/STM32F3xx_HAL_Driver/Src/stm32f3xx_hal_rcc_ex.o
 .debug_line    0x00010806     0x21a3 ./Drivers/STM32F3xx_HAL_Driver/Src/stm32f3xx_hal_spi.o
 .debug_line    0x000129a9     0x3eb5 ./Drivers/STM32F3xx_HAL_Driver/Src/stm32f3xx_hal_tim.o
 .debug_line    0x0001685e     0x1afd ./Drivers/STM32F3xx_HAL_Driver/Src/stm32f3xx_hal_tim_ex.o
 .debug_line    0x0001835b     0x2d23 ./Drivers/STM32F3xx_HAL_Driver/Src/stm32f3xx_hal_uart.o
 .debug_line    0x0001b07e      0xbeb ./Drivers/STM32F3xx_HAL_Driver/Src/stm32f3xx_hal_uart_ex.o
 .debug_line    0x0001bc69     0x11b1 ./Drivers/STM32F3xx_HAL_Driver/Src/stm32f3xx_ll_usb.o

.debug_str      0x00000000    0xc6826
 .debug_str     0x00000000    0xc6826 ./Core/Src/main.o
                              0xc233b (size before relaxing)
 .debug_str     0x000c6826    0xbe38f ./Core/Src/stm32f3xx_hal_msp.o
 .debug_str     0x000c6826    0xbd744 ./Core/Src/stm32f3xx_it.o
 .debug_str     0x000c6826    0xbc8ab ./Core/Src/system_stm32f3xx.o
 .debug_str     0x000c6826       0x7e ./Core/Startup/startup_stm32f303vctx.o
 .debug_str     0x000c6826    0xbd0e9 ./Drivers/STM32F3xx_HAL_Driver/Src/stm32f3xx_hal.o
 .debug_str     0x000c6826    0xbce98 ./Drivers/STM32F3xx_HAL_Driver/Src/stm32f3xx_hal_adc.o
 .debug_str     0x000c6826    0xbd5b1 ./Drivers/STM32F3xx_HAL_Driver/Src/stm32f3xx_hal_adc_ex.o
 .debug_str     0x000c6826    0xbd16d ./Drivers/STM32F3xx_HAL_Driver/Src/stm32f3xx_hal_cortex.o
 .debug_str     0x000c6826    0xbcbf3 ./Drivers/STM32F3xx_HAL_Driver/Src/stm32f3xx_hal_dma.o
 .debug_str     0x000c6826    0xbca18 ./Drivers/STM32F3xx_HAL_Driver/Src/stm32f3xx_hal_gpio.o
 .debug_str     0x000c6826    0xbdbab ./Drivers/STM32F3xx_HAL_Driver/Src/stm32f3xx_hal_i2c.o
 .debug_str     0x000c6826    0xbcda2 ./Drivers/STM32F3xx_HAL_Driver/Src/stm32f3xx_hal_i2c_ex.o
 .debug_str     0x000c6826    0xbd0e0 ./Drivers/STM32F3xx_HAL_Driver/Src/stm32f3xx_hal_pcd.o
 .debug_str     0x000c6826    0xbcd4b ./Drivers/STM32F3xx_HAL_Driver/Src/stm32f3xx_hal_rcc.o
 .debug_str     0x000c6826    0xbcb0f ./Drivers/STM32F3xx_HAL_Driver/Src/stm32f3xx_hal_rcc_ex.o
 .debug_str     0x000c6826    0xbd1d1 ./Drivers/STM32F3xx_HAL_Driver/Src/stm32f3xx_hal_spi.o
 .debug_str     0x000c6826    0xbdce2 ./Drivers/STM32F3xx_HAL_Driver/Src/stm32f3xx_hal_tim.o
 .debug_str     0x000c6826    0xbd528 ./Drivers/STM32F3xx_HAL_Driver/Src/stm32f3xx_hal_tim_ex.o
 .debug_str     0x000c6826    0xbd5ce ./Drivers/STM32F3xx_HAL_Driver/Src/stm32f3xx_hal_uart.o
 .debug_str     0x000c6826    0xbced3 ./Drivers/STM32F3xx_HAL_Driver/Src/stm32f3xx_hal_uart_ex.o
 .debug_str     0x000c6826    0xbcc35 ./Drivers/STM32F3xx_HAL_Driver/Src/stm32f3xx_ll_usb.o

.comment        0x00000000       0x43
 .comment       0x00000000       0x43 ./Core/Src/main.o
                                 0x44 (size before relaxing)
 .comment       0x00000043       0x44 ./Core/Src/stm32f3xx_hal_msp.o
 .comment       0x00000043       0x44 ./Core/Src/stm32f3xx_it.o
 .comment       0x00000043       0x44 ./Core/Src/system_stm32f3xx.o
 .comment       0x00000043       0x44 ./Drivers/STM32F3xx_HAL_Driver/Src/stm32f3xx_hal.o
 .comment       0x00000043       0x44 ./Drivers/STM32F3xx_HAL_Driver/Src/stm32f3xx_hal_adc.o
 .comment       0x00000043       0x44 ./Drivers/STM32F3xx_HAL_Driver/Src/stm32f3xx_hal_adc_ex.o
 .comment       0x00000043       0x44 ./Drivers/STM32F3xx_HAL_Driver/Src/stm32f3xx_hal_cortex.o
 .comment       0x00000043       0x44 ./Drivers/STM32F3xx_HAL_Driver/Src/stm32f3xx_hal_dma.o
 .comment       0x00000043       0x44 ./Drivers/STM32F3xx_HAL_Driver/Src/stm32f3xx_hal_gpio.o
 .comment       0x00000043       0x44 ./Drivers/STM32F3xx_HAL_Driver/Src/stm32f3xx_hal_i2c.o
 .comment       0x00000043       0x44 ./Drivers/STM32F3xx_HAL_Driver/Src/stm32f3xx_hal_i2c_ex.o
 .comment       0x00000043       0x44 ./Drivers/STM32F3xx_HAL_Driver/Src/stm32f3xx_hal_pcd.o
 .comment       0x00000043       0x44 ./Drivers/STM32F3xx_HAL_Driver/Src/stm32f3xx_hal_rcc.o
 .comment       0x00000043       0x44 ./Drivers/STM32F3xx_HAL_Driver/Src/stm32f3xx_hal_rcc_ex.o
 .comment       0x00000043       0x44 ./Drivers/STM32F3xx_HAL_Driver/Src/stm32f3xx_hal_spi.o
 .comment       0x00000043       0x44 ./Drivers/STM32F3xx_HAL_Driver/Src/stm32f3xx_hal_tim.o
 .comment       0x00000043       0x44 ./Drivers/STM32F3xx_HAL_Driver/Src/stm32f3xx_hal_tim_ex.o
 .comment       0x00000043       0x44 ./Drivers/STM32F3xx_HAL_Driver/Src/stm32f3xx_hal_uart.o
 .comment       0x00000043       0x44 ./Drivers/STM32F3xx_HAL_Driver/Src/stm32f3xx_hal_uart_ex.o
 .comment       0x00000043       0x44 ./Drivers/STM32F3xx_HAL_Driver/Src/stm32f3xx_ll_usb.o

.debug_frame    0x00000000     0x61a8
 .debug_frame   0x00000000      0x240 ./Core/Src/main.o
 .debug_frame   0x00000240      0x258 ./Core/Src/stm32f3xx_hal_msp.o
 .debug_frame   0x00000498      0x174 ./Core/Src/stm32f3xx_it.o
 .debug_frame   0x0000060c       0x58 ./Core/Src/system_stm32f3xx.o
 .debug_frame   0x00000664      0x334 ./Drivers/STM32F3xx_HAL_Driver/Src/stm32f3xx_hal.o
 .debug_frame   0x00000998      0x380 ./Drivers/STM32F3xx_HAL_Driver/Src/stm32f3xx_hal_adc.o
 .debug_frame   0x00000d18      0x644 ./Drivers/STM32F3xx_HAL_Driver/Src/stm32f3xx_hal_adc_ex.o
 .debug_frame   0x0000135c      0x4e8 ./Drivers/STM32F3xx_HAL_Driver/Src/stm32f3xx_hal_cortex.o
 .debug_frame   0x00001844      0x224 ./Drivers/STM32F3xx_HAL_Driver/Src/stm32f3xx_hal_dma.o
 .debug_frame   0x00001a68      0x14c ./Drivers/STM32F3xx_HAL_Driver/Src/stm32f3xx_hal_gpio.o
 .debug_frame   0x00001bb4      0xc38 ./Drivers/STM32F3xx_HAL_Driver/Src/stm32f3xx_hal_i2c.o
 .debug_frame   0x000027ec      0x100 ./Drivers/STM32F3xx_HAL_Driver/Src/stm32f3xx_hal_i2c_ex.o
 .debug_frame   0x000028ec      0x590 ./Drivers/STM32F3xx_HAL_Driver/Src/stm32f3xx_hal_pcd.o
 .debug_frame   0x00002e7c      0x214 ./Drivers/STM32F3xx_HAL_Driver/Src/stm32f3xx_hal_rcc.o
 .debug_frame   0x00003090       0xb0 ./Drivers/STM32F3xx_HAL_Driver/Src/stm32f3xx_hal_rcc_ex.o
 .debug_frame   0x00003140      0x860 ./Drivers/STM32F3xx_HAL_Driver/Src/stm32f3xx_hal_spi.o
 .debug_frame   0x000039a0     0x1218 ./Drivers/STM32F3xx_HAL_Driver/Src/stm32f3xx_hal_tim.o
 .debug_frame   0x00004bb8      0x688 ./Drivers/STM32F3xx_HAL_Driver/Src/stm32f3xx_hal_tim_ex.o
 .debug_frame   0x00005240      0x9e8 ./Drivers/STM32F3xx_HAL_Driver/Src/stm32f3xx_hal_uart.o
 .debug_frame   0x00005c28      0x1b4 ./Drivers/STM32F3xx_HAL_Driver/Src/stm32f3xx_hal_uart_ex.o
 .debug_frame   0x00005ddc      0x380 ./Drivers/STM32F3xx_HAL_Driver/Src/stm32f3xx_ll_usb.o
 .debug_frame   0x0000615c       0x20 C:/ST/STM32CubeIDE_1.18.1/STM32CubeIDE/plugins/com.st.stm32cube.ide.mcu.externaltools.gnu-tools-for-stm32.13.3.rel1.win32_1.0.0.202411081344/tools/bin/../lib/gcc/arm-none-eabi/13.3.1/../../../../arm-none-eabi/lib/thumb/v7e-m+fp/hard\libc_nano.a(libc_a-memset.o)
 .debug_frame   0x0000617c       0x2c C:/ST/STM32CubeIDE_1.18.1/STM32CubeIDE/plugins/com.st.stm32cube.ide.mcu.externaltools.gnu-tools-for-stm32.13.3.rel1.win32_1.0.0.202411081344/tools/bin/../lib/gcc/arm-none-eabi/13.3.1/../../../../arm-none-eabi/lib/thumb/v7e-m+fp/hard\libc_nano.a(libc_a-init.o)

.debug_line_str
                0x00000000       0x62
 .debug_line_str
                0x00000000       0x62 ./Core/Startup/startup_stm32f303vctx.o
